// Jest Snapshot v1, https://goo.gl/fbAQLP

exports[`<Footer> render the <Footer> with a populated data 1`] = `
<div
  class="sc-jSMfEi kRkSeI"
>
  <div
    class="sc-eCYdqJ iWzuUk"
  >
    Question? Contact us
  </div>
  <div
    class="sc-gKXOVf hRegEz"
  />
  <div
    class="sc-bczRLJ igRvSZ"
  >
    <div
      class="sc-gsnTZi fGmbmf"
    >
      <a
        class="sc-hKMtZM jRWTXB"
      >
        FAQ
      </a>
      <a
        class="sc-hKMtZM jRWTXB"
      >
        Investor Relations
      </a>
      <a
        class="sc-hKMtZM jRWTXB"
      >
        Ways to watch
      </a>
      <a
        class="sc-hKMtZM jRWTXB"
      >
        Coporate Information
      </a>
      <a
        class="sc-hKMtZM jRWTXB"
      >
        Netflix Originals
      </a>
    </div>
    <div
      class="sc-gsnTZi fGmbmf"
    >
      <a
        class="sc-hKMtZM jRWTXB"
      >
        Help Center
      </a>
      <a
        class="sc-hKMtZM jRWTXB"
      >
        Jobs
      </a>
      <a
        class="sc-hKMtZM jRWTXB"
      >
        Terms of Use
      </a>
      <a
        class="sc-hKMtZM jRWTXB"
      >
        Contact us
      </a>
    </div>
    <div
      class="sc-gsnTZi fGmbmf"
    >
      <a
        class="sc-hKMtZM jRWTXB"
      >
        Account
      </a>
      <a
        class="sc-hKMtZM jRWTXB"
      >
        Redeem Gift Cards
      </a>
      <a
        class="sc-hKMtZM jRWTXB"
      >
        Privacy
      </a>
      <a
        class="sc-hKMtZM jRWTXB"
      >
        Speed Test
      </a>
    </div>
    <div
      class="sc-gsnTZi fGmbmf"
    >
      <a
        class="sc-hKMtZM jRWTXB"
      >
        Media Center
      </a>
      <a
        class="sc-hKMtZM jRWTXB"
      >
        Buy Gift Cards
      </a>
      <a
        class="sc-hKMtZM jRWTXB"
      >
        Cookie Preferences
      </a>
      <a
        class="sc-hKMtZM jRWTXB"
      >
        Legal Notices
      </a>
    </div>
  </div>
  <div
    class="sc-gKXOVf hRegEz"
  />
  <p
    class="sc-dkzDqf bunCUP"
  >
    Netflix United Kingdom
  </p>
</div>
`;
